// Jest Snapshot v1, https://goo.gl/fbAQLP

exports[`Render QuestionGenreScreen component 1`] = `
<section
  className="game__screen"
>
  <h2
    className="game__title"
  >
    Выберите 
    rock
     треки
  </h2>
  <form
    className="game__tracks"
    onSubmit={[Function]}
  >
    <div
      className="track"
    >
      <div
        className="game__answer"
      >
        <input
          checked={false}
          className="game__input visually-hidden"
          id="rock0"
          name="answer"
          onChange={[Function]}
          type="checkbox"
          value="rock"
        />
        <label
          className="game__check"
          htmlFor="rock0"
        >
          Отметить
        </label>
      </div>
    </div>
    <div
      className="track"
    >
      <div
        className="game__answer"
      >
        <input
          checked={false}
          className="game__input visually-hidden"
          id="jazz1"
          name="answer"
          onChange={[Function]}
          type="checkbox"
          value="jazz"
        />
        <label
          className="game__check"
          htmlFor="jazz1"
        >
          Отметить
        </label>
      </div>
    </div>
    <div
      className="track"
    >
      <div
        className="game__answer"
      >
        <input
          checked={false}
          className="game__input visually-hidden"
          id="pop2"
          name="answer"
          onChange={[Function]}
          type="checkbox"
          value="pop"
        />
        <label
          className="game__check"
          htmlFor="pop2"
        >
          Отметить
        </label>
      </div>
    </div>
    <div
      className="track"
    >
      <div
        className="game__answer"
      >
        <input
          checked={false}
          className="game__input visually-hidden"
          id="alternative3"
          name="answer"
          onChange={[Function]}
          type="checkbox"
          value="alternative"
        />
        <label
          className="game__check"
          htmlFor="alternative3"
        >
          Отметить
        </label>
      </div>
    </div>
    <button
      className="game__submit button"
      type="submit"
    >
      Ответить
    </button>
  </form>
</section>
`;
